 ~/Labs/l3vpn  docker exec -it clab-l3vpn-R5 vtysh

Hello, this is FRRouting (version 9.0.1_git).
Copyright 1996-2005 Kunihiro Ishiguro, et al.

R5# sh int br
Interface       Status  VRF             Addresses
---------       ------  ---             ---------
blue            up      blue            
eth2            up      blue            10.0.51.1/30

Interface       Status  VRF             Addresses
---------       ------  ---             ---------
eth0            up      default         172.20.20.2/24
                                        + 2001:172:20:20::2/64
eth1            up      default         20.0.45.2/30
lo              up      default         5.5.5.5/32

Interface       Status  VRF             Addresses
---------       ------  ---             ---------
eth3            up      red             10.0.52.1/30
red             up      red             

R5# 
R5# sh ip route
Codes: K - kernel route, C - connected, S - static, R - RIP,
       O - OSPF, I - IS-IS, B - BGP, E - EIGRP, N - NHRP,
       T - Table, v - VNC, V - VNC-Direct, A - Babel, F - PBR,
       f - OpenFabric,
       > - selected route, * - FIB route, q - queued, r - rejected, b - backup
       t - trapped, o - offload failure

K>* 0.0.0.0/0 [0/0] via 172.20.20.1, eth0, 00:41:06
O>* 1.1.1.1/32 [110/30] via 20.0.45.1, eth1, weight 1, 00:40:09
O>* 2.2.2.2/32 [110/30] via 20.0.45.1, eth1, weight 1, 00:40:09
O>* 3.3.3.3/32 [110/20] via 20.0.45.1, eth1, weight 1, 00:40:09
O>* 4.4.4.4/32 [110/10] via 20.0.45.1, eth1, weight 1, 00:40:10
O   5.5.5.5/32 [110/0] is directly connected, lo, weight 1, 00:41:06
C>* 5.5.5.5/32 is directly connected, lo, 00:41:06
O>* 20.0.13.0/30 [110/30] via 20.0.45.1, eth1, weight 1, 00:40:09
O>* 20.0.23.0/30 [110/30] via 20.0.45.1, eth1, weight 1, 00:40:09
O>* 20.0.34.0/30 [110/20] via 20.0.45.1, eth1, weight 1, 00:40:10
O   20.0.45.0/30 [110/10] is directly connected, eth1, weight 1, 00:41:00
C>* 20.0.45.0/30 is directly connected, eth1, 00:41:00
C>* 172.20.20.0/24 is directly connected, eth0, 00:41:06
R5# 
R5# 
R5# 
R5# sh ip ospf database

       OSPF Router with ID (172.20.20.2)

                Router Link States (Area 0.0.0.0)

Link ID         ADV Router      Age  Seq#       CkSum  Link count
2.2.2.2        2.2.2.2          836 0x80000005 0xa71d 2
3.3.3.3        3.3.3.3          818 0x8000000d 0x8c3c 4
4.4.4.4        4.4.4.4          850 0x80000008 0x678c 3
172.20.20.2    172.20.20.2      846 0x80000005 0xc627 2
172.20.20.7    172.20.20.7      817 0x80000005 0x88ad 2

                Net Link States (Area 0.0.0.0)

Link ID         ADV Router      Age  Seq#       CkSum
20.0.13.1      172.20.20.7      857 0x80000002 0x5026
20.0.23.2      3.3.3.3          818 0x80000002 0xd638
20.0.34.2      4.4.4.4          860 0x80000002 0x9364
20.0.45.2      172.20.20.2      856 0x80000002 0x1e3d


R5# conf
R5(config)# 
R5(config)# 
R5(config)# mpls ldp
R5(config-ldp)# router-id 5.5.5.5
R5(config-ldp)# address-family ipv4
R5(config-ldp-af)# discovery transport-address 5.5.5.5
R5(config-ldp-af)# interface eth1
R5(config-ldp-af-if)# exit
R5(config-ldp-af)# exit
R5(config-ldp)# exit
R5(config)# end
R5# 
R5# 
R5# sh mpls ldp neighbor 
AF   ID              State       Remote Address    Uptime
ipv4 4.4.4.4         OPERATIONAL 4.4.4.4         00:00:40
R5# 
R5# conf
R5(config)# 
R5(config)# router bgp 400
R5(config-router)# no bgp ebgp-requires-policy 
R5(config-router)# neighbor 2.2.2.2 remote-as 400
R5(config-router)# neighbor 2.2.2.2 update-source lo
R5(config-router)# neighbor 2.2.2.2 next-hop-self
R5(config-router)# neighbor 1.1.1.1 remote-as 400
R5(config-router)# neighbor 1.1.1.1 update-source lo
R5(config-router)# neighbor 1.1.1.1 next-hop-self
R5(config-router)# address-family ipv4 vpn
R5(config-router-af)# neighbor 2.2.2.2 activate
R5(config-router-af)# neighbor 1.1.1.1 activate
R5(config-router-af)# exit
R5(config-router)# exit
R5(config)# exit
R5# clear ip bgp * soft
R5# 
R5# 
R5# 
R5# 
R5# sh ip bgp summary

IPv4 Unicast Summary (VRF default):
BGP router identifier 5.5.5.5, local AS number 400 vrf-id 0
BGP table version 0
RIB entries 0, using 0 bytes of memory
Peers 2, using 27 KiB of memory

Neighbor        V         AS   MsgRcvd   MsgSent   TblVer  InQ OutQ  Up/Down State/PfxRcd   PfxSnt Desc
1.1.1.1         4        400        16        21        0    0    0 00:01:05            0        0 N/A
2.2.2.2         4        400        16        19        0    0    0 00:01:09            0        0 N/A

Total number of neighbors 2

IPv4 VPN Summary (VRF default):
BGP router identifier 5.5.5.5, local AS number 400 vrf-id 0
BGP table version 0
RIB entries 0, using 0 bytes of memory
Peers 2, using 27 KiB of memory

Neighbor        V         AS   MsgRcvd   MsgSent   TblVer  InQ OutQ  Up/Down State/PfxRcd   PfxSnt Desc
1.1.1.1         4        400        16        21        0    0    0 00:01:05            0        0 N/A
2.2.2.2         4        400        16        19        0    0    0 00:01:09            0        0 N/A

Total number of neighbors 2
R5# 
R5# 
R5# 
R5# sh run
Building configuration...

Current configuration:
!
frr version 9.0.1_git
frr defaults traditional
hostname R5
no ipv6 forwarding
!
interface eth2
 ip address 10.0.51.1/30
exit
!
interface eth1
 ip address 20.0.45.2/30
 mpls enable
exit
!
interface lo
 ip address 5.5.5.5/32
 mpls enable
exit
!
interface eth3
 ip address 10.0.52.1/30
exit
!
router bgp 400
 no bgp ebgp-requires-policy
 neighbor 1.1.1.1 remote-as 400
 neighbor 1.1.1.1 update-source lo
 neighbor 2.2.2.2 remote-as 400
 neighbor 2.2.2.2 update-source lo
 !
 address-family ipv4 unicast
  neighbor 1.1.1.1 next-hop-self
  neighbor 2.2.2.2 next-hop-self
 exit-address-family
 !
 address-family ipv4 vpn
  neighbor 1.1.1.1 activate
  neighbor 2.2.2.2 activate
 exit-address-family
exit
!
router ospf
 network 5.5.5.5/32 area 0.0.0.0
 network 20.0.45.0/30 area 0.0.0.0
exit
!
mpls ldp
 router-id 5.5.5.5
 !
 address-family ipv4
  discovery transport-address 5.5.5.5
  !
  interface eth1
  exit
  !
 exit-address-family
 !
exit
!
end
R5# 
R5# 
R5# 
R5# conf
R5(config)# 
R5(config)# router bgp vrf blue
% Unknown command: router bgp vrf blue
R5(config)# router bgp vrf     
% There is no matched command.
R5(config)# router bgp 400 vrf blue
R5(config-router)# neighbor 10.0.51.2 remote-as 103
R5(config-router)# no bgp ebgp-requires-policy 
R5(config-router)# address-family ipv4 unicast 
R5(config-router-af)# neighbor 10.0.51.2 activate 
R5(config-router-af)# rd vpn export 400:103
R5(config-router-af)# route-target vpn export 400:103
R5(config-router-af)# route-target vpn import 400:101
R5(config-router-af)# route-target vpn import 400:102
R5(config-router-af)# export vpn
R5(config-router-af)# import vpn
R5(config-router-af)# label vpn        
  export  For routes leaked from current address-family to vpn
R5(config-router-af)# label vpn export auto
R5(config-router-af)# end
R5# 
R5# 
R5# 
R5# conf
R5(config)# 
R5(config)# router bgp vrf    
% There is no matched command.
R5(config)# router bgp 400 vrf 
  VIEWVRFNAME  View/VRF name
     blue default red 
R5(config)# router bgp 400 vrf red
R5(config-router)# neighbor 10.0.52.2 remote-as 203
R5(config-router)# no bgp ebgp-requires-policy 
R5(config-router)# address-family ipv4 unicast 
R5(config-router-af)# neighbor 10.0.52.2 activate 
R5(config-router-af)# rd vpn export 400:203
R5(config-router-af)# route-target vpn export 400:203
R5(config-router-af)# route-target vpn import 400:201
R5(config-router-af)# export vpn
R5(config-router-af)# import vpn
R5(config-router-af)# label vpn export auto
R5(config-router-af)# end
R5# 
R5# 
R5# 
R5# clear ip bgp * soft
R5# 
R5# 
R5# sh run
Building configuration...

Current configuration:
!
frr version 9.0.1_git
frr defaults traditional
hostname R5
no ipv6 forwarding
!
interface eth2
 ip address 10.0.51.1/30
exit
!
interface eth1
 ip address 20.0.45.2/30
 mpls enable
exit
!
interface lo
 ip address 5.5.5.5/32
 mpls enable
exit
!
interface eth3
 ip address 10.0.52.1/30
exit
!
router bgp 400
 no bgp ebgp-requires-policy
 neighbor 1.1.1.1 remote-as 400
 neighbor 1.1.1.1 update-source lo
 neighbor 2.2.2.2 remote-as 400
 neighbor 2.2.2.2 update-source lo
 !
 address-family ipv4 unicast
  neighbor 1.1.1.1 next-hop-self
  neighbor 2.2.2.2 next-hop-self
 exit-address-family
 !
 address-family ipv4 vpn
  neighbor 1.1.1.1 activate
  neighbor 2.2.2.2 activate
 exit-address-family
exit
!
router bgp 400 vrf blue
 no bgp ebgp-requires-policy
 neighbor 10.0.51.2 remote-as 103
 !
 address-family ipv4 unicast
  label vpn export auto
  rd vpn export 400:103
  rt vpn import 400:102
  rt vpn export 400:103
  export vpn
  import vpn
 exit-address-family
exit
!
router bgp 400 vrf red
 no bgp ebgp-requires-policy
 neighbor 10.0.52.2 remote-as 203
 !
 address-family ipv4 unicast
  label vpn export auto
  rd vpn export 400:203
  rt vpn import 400:201
  rt vpn export 400:203
  export vpn
  import vpn
 exit-address-family
exit
!
router ospf
 network 5.5.5.5/32 area 0.0.0.0
 network 20.0.45.0/30 area 0.0.0.0
exit
!
mpls ldp
 router-id 5.5.5.5
 !
 address-family ipv4
  discovery transport-address 5.5.5.5
  !
  interface eth1
  exit
  !
 exit-address-family
 !
exit
!
end
R5# 
R5# 
R5# 
R5# 
R5# 
R5# sh ip route vrf blue 
Codes: K - kernel route, C - connected, S - static, R - RIP,
       O - OSPF, I - IS-IS, B - BGP, E - EIGRP, N - NHRP,
       T - Table, v - VNC, V - VNC-Direct, A - Babel, F - PBR,
       f - OpenFabric,
       > - selected route, * - FIB route, q - queued, r - rejected, b - backup
       t - trapped, o - offload failure

VRF blue:
C>* 10.0.51.0/30 is directly connected, eth2, 02:03:14
B>  172.16.2.0/24 [200/0] via 2.2.2.2 (vrf default) (recursive), label 144, weight 1, 00:20:00
  *                         via 20.0.45.1, eth1 (vrf default), label 17/144, weight 1, 00:20:00
B>* 172.16.3.0/24 [20/0] via 10.0.51.2, eth2, weight 1, 00:19:29
R5# sh ip bgp vrf blue summary 

IPv4 Unicast Summary (VRF blue):
BGP router identifier 10.0.51.1, local AS number 400 vrf-id 2
BGP table version 2
RIB entries 3, using 576 bytes of memory
Peers 1, using 13 KiB of memory

Neighbor        V         AS   MsgRcvd   MsgSent   TblVer  InQ OutQ  Up/Down State/PfxRcd   PfxSnt Desc
10.0.51.2       4        103        35        33        2    0    0 00:19:57            1        2 N/A

Total number of neighbors 1
R5# 
R5# sh ip bgp vrf blue summary 

IPv4 Unicast Summary (VRF blue):
BGP router identifier 10.0.51.1, local AS number 400 vrf-id 2
BGP table version 2
RIB entries 3, using 576 bytes of memory
Peers 1, using 13 KiB of memory

Neighbor        V         AS   MsgRcvd   MsgSent   TblVer  InQ OutQ  Up/Down State/PfxRcd   PfxSnt Desc
10.0.51.2       4        103        39        37        2    0    0 00:23:27            1        2 N/A

Total number of neighbors 1
R5# sh ip route vrf blue       
Codes: K - kernel route, C - connected, S - static, R - RIP,
       O - OSPF, I - IS-IS, B - BGP, E - EIGRP, N - NHRP,
       T - Table, v - VNC, V - VNC-Direct, A - Babel, F - PBR,
       f - OpenFabric,
       > - selected route, * - FIB route, q - queued, r - rejected, b - backup
       t - trapped, o - offload failure

VRF blue:
C>* 10.0.51.0/30 is directly connected, eth2, 02:07:04
B>  172.16.2.0/24 [200/0] via 2.2.2.2 (vrf default) (recursive), label 144, weight 1, 00:23:50
  *                         via 20.0.45.1, eth1 (vrf default), label 17/144, weight 1, 00:23:50
B>* 172.16.3.0/24 [20/0] via 10.0.51.2, eth2, weight 1, 00:23:19
R5# 
R5# 
R5# sh ip route vrf red        
Codes: K - kernel route, C - connected, S - static, R - RIP,
       O - OSPF, I - IS-IS, B - BGP, E - EIGRP, N - NHRP,
       T - Table, v - VNC, V - VNC-Direct, A - Babel, F - PBR,
       f - OpenFabric,
       > - selected route, * - FIB route, q - queued, r - rejected, b - backup
       t - trapped, o - offload failure

VRF red:
C>* 10.0.52.0/30 is directly connected, eth3, 02:07:31
B>  172.16.1.0/24 [200/0] via 1.1.1.1 (vrf default) (recursive), label 145, weight 1, 00:23:09
  *                         via 20.0.45.1, eth1 (vrf default), label 16/145, weight 1, 00:23:09
B>* 172.16.3.0/24 [20/0] via 10.0.52.2, eth3, weight 1, 00:22:38
R5# sh ip bgp vrf red  summary     

IPv4 Unicast Summary (VRF red):
BGP router identifier 10.0.52.1, local AS number 400 vrf-id 3
BGP table version 2
RIB entries 3, using 576 bytes of memory
Peers 1, using 13 KiB of memory

Neighbor        V         AS   MsgRcvd   MsgSent   TblVer  InQ OutQ  Up/Down State/PfxRcd   PfxSnt Desc
10.0.52.2       4        203        38        36        2    0    0 00:22:53            1        2 N/A

Total number of neighbors 1
R5# 
R5# 
R5# sh run
Building configuration...

Current configuration:
!
frr version 9.0.1_git
frr defaults traditional
hostname R5
no ipv6 forwarding
!
interface eth2
 ip address 10.0.51.1/30
exit
!
interface eth1
 ip address 20.0.45.2/30
 mpls enable
exit
!
interface lo
 ip address 5.5.5.5/32
 mpls enable
exit
!
interface eth3
 ip address 10.0.52.1/30
exit
!
router bgp 400
 no bgp ebgp-requires-policy
 neighbor 1.1.1.1 remote-as 400
 neighbor 1.1.1.1 update-source lo
 neighbor 2.2.2.2 remote-as 400
 neighbor 2.2.2.2 update-source lo
 !
 address-family ipv4 unicast
  neighbor 1.1.1.1 next-hop-self
  neighbor 2.2.2.2 next-hop-self
 exit-address-family
 !
 address-family ipv4 vpn
  neighbor 1.1.1.1 activate
  neighbor 2.2.2.2 activate
 exit-address-family
exit
!
router bgp 400 vrf blue
 no bgp ebgp-requires-policy
 neighbor 10.0.51.2 remote-as 103
 !
 address-family ipv4 unicast
  label vpn export auto
  rd vpn export 400:103
  rt vpn import 400:102
  rt vpn export 400:103
  export vpn
  import vpn
 exit-address-family
exit
!
router bgp 400 vrf red
 no bgp ebgp-requires-policy
 neighbor 10.0.52.2 remote-as 203
 !
 address-family ipv4 unicast
  label vpn export auto
  rd vpn export 400:203
  rt vpn import 400:201
  rt vpn export 400:203
  export vpn
  import vpn
 exit-address-family
exit
!
router ospf
 network 5.5.5.5/32 area 0.0.0.0
 network 20.0.45.0/30 area 0.0.0.0
exit
!
mpls ldp
 router-id 5.5.5.5
 !
 address-family ipv4
  discovery transport-address 5.5.5.5
  !
  interface eth1
  exit
  !
 exit-address-family
 !
exit
!
end
R5# 
R5# conf
R5(config)# router bgp 400 vrf blue
R5(config-router)# address-family ipv4 unicast 
R5(config-router-af)# route-target vpn        
  both    both import: match any and export: set
  export  For routes leaked from current address-family to vpn: set
  import  For routes leaked from vpn to current address-family: match any
R5(config-router-af)# route-target vpn import 400:101
R5(config-router-af)# end
R5# 
R5# 
R5# sh run
Building configuration...

Current configuration:
!
frr version 9.0.1_git
frr defaults traditional
hostname R5
no ipv6 forwarding
!
interface eth2
 ip address 10.0.51.1/30
exit
!
interface eth1
 ip address 20.0.45.2/30
 mpls enable
exit
!
interface lo
 ip address 5.5.5.5/32
 mpls enable
exit
!
interface eth3
 ip address 10.0.52.1/30
exit
!
router bgp 400
 no bgp ebgp-requires-policy
 neighbor 1.1.1.1 remote-as 400
 neighbor 1.1.1.1 update-source lo
 neighbor 2.2.2.2 remote-as 400
 neighbor 2.2.2.2 update-source lo
 !
 address-family ipv4 unicast
  neighbor 1.1.1.1 next-hop-self
  neighbor 2.2.2.2 next-hop-self
 exit-address-family
 !
 address-family ipv4 vpn
  neighbor 1.1.1.1 activate
  neighbor 2.2.2.2 activate
 exit-address-family
exit
!
router bgp 400 vrf blue
 no bgp ebgp-requires-policy
 neighbor 10.0.51.2 remote-as 103
 !
 address-family ipv4 unicast
  label vpn export auto
  rd vpn export 400:103
  rt vpn import 400:101
  rt vpn export 400:103
  export vpn
  import vpn
 exit-address-family
exit
!
router bgp 400 vrf red
 no bgp ebgp-requires-policy
 neighbor 10.0.52.2 remote-as 203
 !
 address-family ipv4 unicast
  label vpn export auto
  rd vpn export 400:203
  rt vpn import 400:201
  rt vpn export 400:203
  export vpn
  import vpn
 exit-address-family
exit
!
router ospf
 network 5.5.5.5/32 area 0.0.0.0
 network 20.0.45.0/30 area 0.0.0.0
exit
!
mpls ldp
 router-id 5.5.5.5
 !
 address-family ipv4
  discovery transport-address 5.5.5.5
  !
  interface eth1
  exit
  !
 exit-address-family
 !
exit
!
end
R5# 
R5# 
R5# clear ip bgp * soft
R5# 
R5# 
R5# 
R5# 
R5# show ip route vrf blue
Codes: K - kernel route, C - connected, S - static, R - RIP,
       O - OSPF, I - IS-IS, B - BGP, E - EIGRP, N - NHRP,
       T - Table, v - VNC, V - VNC-Direct, A - Babel, F - PBR,
       f - OpenFabric,
       > - selected route, * - FIB route, q - queued, r - rejected, b - backup
       t - trapped, o - offload failure

VRF blue:
C>* 10.0.51.0/30 is directly connected, eth2, 02:13:53
B>  172.16.1.0/24 [200/0] via 1.1.1.1 (vrf default) (recursive), label 144, weight 1, 00:01:16
  *                         via 20.0.45.1, eth1 (vrf default), label 16/144, weight 1, 00:01:16
B>* 172.16.3.0/24 [20/0] via 10.0.51.2, eth2, weight 1, 00:30:08
R5# 
R5# 
R5# 
R5# 
R5# 
R5# 
R5# sh ip route vrf blue
Codes: K - kernel route, C - connected, S - static, R - RIP,
       O - OSPF, I - IS-IS, B - BGP, E - EIGRP, N - NHRP,
       T - Table, v - VNC, V - VNC-Direct, A - Babel, F - PBR,
       f - OpenFabric,
       > - selected route, * - FIB route, q - queued, r - rejected, b - backup
       t - trapped, o - offload failure

VRF blue:
C>* 10.0.51.0/30 is directly connected, eth2, 02:17:25
B>  172.16.1.0/24 [200/0] via 1.1.1.1 (vrf default) (recursive), label 144, weight 1, 00:04:48
  *                         via 20.0.45.1, eth1 (vrf default), label 16/144, weight 1, 00:04:48
B>* 172.16.3.0/24 [20/0] via 10.0.51.2, eth2, weight 1, 00:33:40
R5# sh ip bgp vrf blue
BGP table version is 4, local router ID is 10.0.51.1, vrf id 2
Default local pref 100, local AS 400
Status codes:  s suppressed, d damped, h history, * valid, > best, = multipath,
               i internal, r RIB-failure, S Stale, R Removed
Nexthop codes: @NNN nexthop's vrf id, < announce-nh-self
Origin codes:  i - IGP, e - EGP, ? - incomplete
RPKI validation codes: V valid, I invalid, N Not found

    Network          Next Hop            Metric LocPrf Weight Path
 *> 172.16.1.0/24    1.1.1.1@0<               0    100      0 101 i
 *> 172.16.3.0/24    10.0.51.2                0             0 103 i

Displayed  2 routes and 2 total paths
R5# 
R5# 
R5# 
R5# 
R5# sh run
Building configuration...

Current configuration:
!
frr version 9.0.1_git
frr defaults traditional
hostname R5
no ipv6 forwarding
!
interface eth2
 ip address 10.0.51.1/30
exit
!
interface eth1
 ip address 20.0.45.2/30
 mpls enable
exit
!
interface lo
 ip address 5.5.5.5/32
 mpls enable
exit
!
interface eth3
 ip address 10.0.52.1/30
exit
!
router bgp 400
 no bgp ebgp-requires-policy
 neighbor 1.1.1.1 remote-as 400
 neighbor 1.1.1.1 update-source lo
 neighbor 2.2.2.2 remote-as 400
 neighbor 2.2.2.2 update-source lo
 !
 address-family ipv4 unicast
  neighbor 1.1.1.1 next-hop-self
  neighbor 2.2.2.2 next-hop-self
 exit-address-family
 !
 address-family ipv4 vpn
  neighbor 1.1.1.1 activate
  neighbor 2.2.2.2 activate
 exit-address-family
exit
!
router bgp 400 vrf blue
 no bgp ebgp-requires-policy
 neighbor 10.0.51.2 remote-as 103
 !
 address-family ipv4 unicast
  label vpn export auto
  rd vpn export 400:103
  rt vpn import 400:101
  rt vpn export 400:103
  export vpn
  import vpn
 exit-address-family
exit
!
router bgp 400 vrf red
 no bgp ebgp-requires-policy
 neighbor 10.0.52.2 remote-as 203
 !
 address-family ipv4 unicast
  label vpn export auto
  rd vpn export 400:203
  rt vpn import 400:201
  rt vpn export 400:203
  export vpn
  import vpn
 exit-address-family
exit
!
router ospf
 network 5.5.5.5/32 area 0.0.0.0
 network 20.0.45.0/30 area 0.0.0.0
exit
!
mpls ldp
 router-id 5.5.5.5
 !
 address-family ipv4
  discovery transport-address 5.5.5.5
  !
  interface eth1
  exit
  !
 exit-address-family
 !
exit
!
end
R5# 
R5# 
R5# conf
R5(config)# 
R5(config)# router bgp 400 vrf blue
R5(config-router)# address-family ipv4 
  <cr>             
  flowspec         Address Family modifier
  labeled-unicast  Address Family modifier
  multicast        Address Family modifier
  unicast          Address Family modifier
  vpn              Address Family modifier
R5(config-router)# address-family ipv4 unicast
R5(config-router-af)# no rd vpn export 400:103
R5(config-router-af)# no route-target vpn export 400:103
R5(config-router-af)# no route-target vpn import 400:101
R5(config-router-af)# rd vpn export 400:1
R5(config-router-af)# route-target vpn export 400:1
R5(config-router-af)# route-target vpn import 400:1
R5(config-router-af)# end
R5# 
R5# 
R5# 
R5# 
R5# 
R5# 
R5# sh run
Building configuration...

Current configuration:
!
frr version 9.0.1_git
frr defaults traditional
hostname R5
no ipv6 forwarding
!
interface eth2
 ip address 10.0.51.1/30
exit
!
interface eth1
 ip address 20.0.45.2/30
 mpls enable
exit
!
interface lo
 ip address 5.5.5.5/32
 mpls enable
exit
!
interface eth3
 ip address 10.0.52.1/30
exit
!
router bgp 400
 no bgp ebgp-requires-policy
 neighbor 1.1.1.1 remote-as 400
 neighbor 1.1.1.1 update-source lo
 neighbor 2.2.2.2 remote-as 400
 neighbor 2.2.2.2 update-source lo
 !
 address-family ipv4 unicast
  neighbor 1.1.1.1 next-hop-self
  neighbor 2.2.2.2 next-hop-self
 exit-address-family
 !
 address-family ipv4 vpn
  neighbor 1.1.1.1 activate
  neighbor 2.2.2.2 activate
 exit-address-family
exit
!
router bgp 400 vrf blue
 no bgp ebgp-requires-policy
 neighbor 10.0.51.2 remote-as 103
 !
 address-family ipv4 unicast
  label vpn export auto
  rd vpn export 400:1
  rt vpn both 400:1
  export vpn
  import vpn
 exit-address-family
exit
!
router bgp 400 vrf red
 no bgp ebgp-requires-policy
 neighbor 10.0.52.2 remote-as 203
 !
 address-family ipv4 unicast
  label vpn export auto
  rd vpn export 400:203
  rt vpn import 400:201
  rt vpn export 400:203
  export vpn
  import vpn
 exit-address-family
exit
!
router ospf
 network 5.5.5.5/32 area 0.0.0.0
 network 20.0.45.0/30 area 0.0.0.0
exit
!
mpls ldp
 router-id 5.5.5.5
 !
 address-family ipv4
  discovery transport-address 5.5.5.5
  !
  interface eth1
  exit
  !
 exit-address-family
 !
exit
!
end
R5# 
R5# 
R5# clear ip bgp * soft
R5# 
R5# sh ip route vrf blue
Codes: K - kernel route, C - connected, S - static, R - RIP,
       O - OSPF, I - IS-IS, B - BGP, E - EIGRP, N - NHRP,
       T - Table, v - VNC, V - VNC-Direct, A - Babel, F - PBR,
       f - OpenFabric,
       > - selected route, * - FIB route, q - queued, r - rejected, b - backup
       t - trapped, o - offload failure

VRF blue:
C>* 10.0.51.0/30 is directly connected, eth2, 04:15:45
B>  172.16.1.0/24 [200/0] via 1.1.1.1 (vrf default) (recursive), label 144, weight 1, 00:00:19
  *                         via 20.0.45.1, eth1 (vrf default), label 16/144, weight 1, 00:00:19
B>  172.16.2.0/24 [200/0] via 2.2.2.2 (vrf default) (recursive), label 144, weight 1, 00:00:19
  *                         via 20.0.45.1, eth1 (vrf default), label 17/144, weight 1, 00:00:19
B>* 172.16.3.0/24 [20/0] via 10.0.51.2, eth2, weight 1, 02:32:00
R5# 
R5# 
R5# sh run
Building configuration...

Current configuration:
!
frr version 9.0.1_git
frr defaults traditional
hostname R5
no ipv6 forwarding
!
interface eth2
 ip address 10.0.51.1/30
exit
!
interface eth1
 ip address 20.0.45.2/30
 mpls enable
exit
!
interface lo
 ip address 5.5.5.5/32
 mpls enable
exit
!
interface eth3
 ip address 10.0.52.1/30
exit
!
router bgp 400
 no bgp ebgp-requires-policy
 neighbor 1.1.1.1 remote-as 400
 neighbor 1.1.1.1 update-source lo
 neighbor 2.2.2.2 remote-as 400
 neighbor 2.2.2.2 update-source lo
 !
 address-family ipv4 unicast
  neighbor 1.1.1.1 next-hop-self
  neighbor 2.2.2.2 next-hop-self
 exit-address-family
 !
 address-family ipv4 vpn
  neighbor 1.1.1.1 activate
  neighbor 2.2.2.2 activate
 exit-address-family
exit
!
router bgp 400 vrf blue
 no bgp ebgp-requires-policy
 neighbor 10.0.51.2 remote-as 103
 !
 address-family ipv4 unicast
  label vpn export auto
  rd vpn export 400:1
  rt vpn both 400:1
  export vpn
  import vpn
 exit-address-family
exit
!
router bgp 400 vrf red
 no bgp ebgp-requires-policy
 neighbor 10.0.52.2 remote-as 203
 !
 address-family ipv4 unicast
  label vpn export auto
  rd vpn export 400:203
  rt vpn import 400:201
  rt vpn export 400:203
  export vpn
  import vpn
 exit-address-family
exit
!
router ospf
 network 5.5.5.5/32 area 0.0.0.0
 network 20.0.45.0/30 area 0.0.0.0
exit
!
mpls ldp
 router-id 5.5.5.5
 !
 address-family ipv4
  discovery transport-address 5.5.5.5
  !
  interface eth1
  exit
  !
 exit-address-family
 !
exit
!
end
R5# conf
R5(config)# 
R5(config)# router bgp 400 vrf red
R5(config-router)# address-family ipv4 unicast
R5(config-router-af)# no rd vpn export 400:203
R5(config-router-af)# no route-target vpn import 400:201
R5(config-router-af)# no route-target vpn export 400:203
R5(config-router-af)# rd vpn export 400:2
R5(config-router-af)# route-target vpn export 400:2
R5(config-router-af)# route-target vpn import 400:2
R5(config-router-af)# end
R5# 
R5# 
R5# sh run
Building configuration...

Current configuration:
!
frr version 9.0.1_git
frr defaults traditional
hostname R5
no ipv6 forwarding
!
interface eth2
 ip address 10.0.51.1/30
exit
!
interface eth1
 ip address 20.0.45.2/30
 mpls enable
exit
!
interface lo
 ip address 5.5.5.5/32
 mpls enable
exit
!
interface eth3
 ip address 10.0.52.1/30
exit
!
router bgp 400
 no bgp ebgp-requires-policy
 neighbor 1.1.1.1 remote-as 400
 neighbor 1.1.1.1 update-source lo
 neighbor 2.2.2.2 remote-as 400
 neighbor 2.2.2.2 update-source lo
 !
 address-family ipv4 unicast
  neighbor 1.1.1.1 next-hop-self
  neighbor 2.2.2.2 next-hop-self
 exit-address-family
 !
 address-family ipv4 vpn
  neighbor 1.1.1.1 activate
  neighbor 2.2.2.2 activate
 exit-address-family
exit
!
router bgp 400 vrf blue
 no bgp ebgp-requires-policy
 neighbor 10.0.51.2 remote-as 103
 !
 address-family ipv4 unicast
  label vpn export auto
  rd vpn export 400:1
  rt vpn both 400:1
  export vpn
  import vpn
 exit-address-family
exit
!
router bgp 400 vrf red
 no bgp ebgp-requires-policy
 neighbor 10.0.52.2 remote-as 203
 !
 address-family ipv4 unicast
  label vpn export auto
  rd vpn export 400:2
  rt vpn both 400:2
  export vpn
  import vpn
 exit-address-family
exit
!
router ospf
 network 5.5.5.5/32 area 0.0.0.0
 network 20.0.45.0/30 area 0.0.0.0
exit
!
mpls ldp
 router-id 5.5.5.5
 !
 address-family ipv4
  discovery transport-address 5.5.5.5
  !
  interface eth1
  exit
  !
 exit-address-family
 !
exit
!
end
R5# 
R5# 
R5# clear ip bgp * soft
R5# 
R5# 
R5# sh ip route vrf blue
Codes: K - kernel route, C - connected, S - static, R - RIP,
       O - OSPF, I - IS-IS, B - BGP, E - EIGRP, N - NHRP,
       T - Table, v - VNC, V - VNC-Direct, A - Babel, F - PBR,
       f - OpenFabric,
       > - selected route, * - FIB route, q - queued, r - rejected, b - backup
       t - trapped, o - offload failure

VRF blue:
C>* 10.0.51.0/30 is directly connected, eth2, 04:20:31
B>  172.16.1.0/24 [200/0] via 1.1.1.1 (vrf default) (recursive), label 144, weight 1, 00:05:05
  *                         via 20.0.45.1, eth1 (vrf default), label 16/144, weight 1, 00:05:05
B>  172.16.2.0/24 [200/0] via 2.2.2.2 (vrf default) (recursive), label 144, weight 1, 00:05:05
  *                         via 20.0.45.1, eth1 (vrf default), label 17/144, weight 1, 00:05:05
B>* 172.16.3.0/24 [20/0] via 10.0.51.2, eth2, weight 1, 02:36:46
R5# sh ip bgp vrf blue summary

IPv4 Unicast Summary (VRF blue):
BGP router identifier 10.0.51.1, local AS number 400 vrf-id 2
BGP table version 7
RIB entries 5, using 960 bytes of memory
Peers 1, using 13 KiB of memory

Neighbor        V         AS   MsgRcvd   MsgSent   TblVer  InQ OutQ  Up/Down State/PfxRcd   PfxSnt Desc
10.0.51.2       4        103       177       175        7    0    0 02:37:00            1        3 N/A

Total number of neighbors 1
R5# 
R5# 
R5# 
R5# 
R5# 
R5# sh run
Building configuration...

Current configuration:
!
frr version 9.0.1_git
frr defaults traditional
hostname R5
no ipv6 forwarding
!
interface eth2
 ip address 10.0.51.1/30
exit
!
interface eth1
 ip address 20.0.45.2/30
 mpls enable
exit
!
interface lo
 ip address 5.5.5.5/32
 mpls enable
exit
!
interface eth3
 ip address 10.0.52.1/30
exit
!
router bgp 400
 no bgp ebgp-requires-policy
 neighbor 1.1.1.1 remote-as 400
 neighbor 1.1.1.1 update-source lo
 neighbor 2.2.2.2 remote-as 400
 neighbor 2.2.2.2 update-source lo
 !
 address-family ipv4 unicast
  neighbor 1.1.1.1 next-hop-self
  neighbor 2.2.2.2 next-hop-self
 exit-address-family
 !
 address-family ipv4 vpn
  neighbor 1.1.1.1 activate
  neighbor 2.2.2.2 activate
 exit-address-family
exit
!
router bgp 400 vrf blue
 no bgp ebgp-requires-policy
 neighbor 10.0.51.2 remote-as 103
 !
 address-family ipv4 unicast
  label vpn export auto
  rd vpn export 400:1
  rt vpn both 400:1
  export vpn
  import vpn
 exit-address-family
exit
!
router bgp 400 vrf red
 no bgp ebgp-requires-policy
 neighbor 10.0.52.2 remote-as 203
 !
 address-family ipv4 unicast
  label vpn export auto
  rd vpn export 400:2
  rt vpn both 400:2
  export vpn
  import vpn
 exit-address-family
exit
!
router ospf
 network 5.5.5.5/32 area 0.0.0.0
 network 20.0.45.0/30 area 0.0.0.0
exit
!
mpls ldp
 router-id 5.5.5.5
 !
 address-family ipv4
  discovery transport-address 5.5.5.5
  !
  interface eth1
  exit
  !
 exit-address-family
 !
exit
!
end
R5# 
